[     250ms] [WARNING] Failed to decode downloaded font: http://localhost:3000/fonts/Basel-Grotesk-Book.woff2 @ http://localhost:3000/:0
[     250ms] [WARNING] OTS parsing error: invalid sfntVersion: 1008813135 @ http://localhost:3000/:0
[     281ms] [WARNING] Failed to decode downloaded font: http://localhost:3000/fonts/Basel-Grotesk-Medium.woff2 @ http://localhost:3000/:0
[     281ms] [WARNING] OTS parsing error: invalid sfntVersion: 1008813135 @ http://localhost:3000/:0
[   12483ms] [INFO] %cDownload the React DevTools for a better development experience: https://react.dev/link/react-devtools font-weight:bold @ http://localhost:3000/node_modules/.vite/deps/chunk-GIFLVW4N.js?v=938883d9:29554
[   12541ms] [WARNING] Failed to decode downloaded font: http://localhost:3000/fonts/Basel-Grotesk-Medium.woff2 @ http://localhost:3000/src/state/scroll/scrollStore.ts:8
[   12541ms] [WARNING] OTS parsing error: invalid sfntVersion: 1008813135 @ http://localhost:3000/src/state/scroll/scrollStore.ts:8
[   12541ms] [WARNING] Failed to decode downloaded font: http://localhost:3000/fonts/Basel-Grotesk-Book.woff2 @ http://localhost:3000/src/state/scroll/scrollStore.ts:8
[   12541ms] [WARNING] OTS parsing error: invalid sfntVersion: 1008813135 @ http://localhost:3000/src/state/scroll/scrollStore.ts:8
[   12599ms] [WARNING] Failed to decode downloaded font: http://localhost:3000/fonts/Basel-Grotesk-Medium.woff2 @ http://localhost:3000/:0
[   12599ms] [WARNING] OTS parsing error: invalid sfntVersion: 1008813135 @ http://localhost:3000/:0
[   12599ms] [WARNING] Failed to decode downloaded font: http://localhost:3000/fonts/Basel-Grotesk-Book.woff2 @ http://localhost:3000/:0
[   12599ms] [WARNING] OTS parsing error: invalid sfntVersion: 1008813135 @ http://localhost:3000/:0
[   12738ms] _6: Cannot initialize the Privy provider with an invalid Privy app ID
    at http://localhost:3000/node_modules/.vite/deps/chunk-SX2WEDKF.js?v=938883d9:15605:60
    at Bs (http://localhost:3000/node_modules/.vite/deps/chunk-SX2WEDKF.js?v=938883d9:15606:5)
    at react-stack-bottom-frame (http://localhost:3000/node_modules/.vite/deps/chunk-GIFLVW4N.js?v=938883d9:28992:20)
    at renderWithHooks (http://localhost:3000/node_modules/.vite/deps/chunk-GIFLVW4N.js?v=938883d9:15774:24)
    at updateFunctionComponent (http://localhost:3000/node_modules/.vite/deps/chunk-GIFLVW4N.js?v=938883d9:18187:21)
    at beginWork (http://localhost:3000/node_modules/.vite/deps/chunk-GIFLVW4N.js?v=938883d9:19222:20)
    at runWithFiberInDEV (http://localhost:3000/node_modules/.vite/deps/chunk-GIFLVW4N.js?v=938883d9:13053:72)
    at performUnitOfWork (http://localhost:3000/node_modules/.vite/deps/chunk-GIFLVW4N.js?v=938883d9:22436:98)
    at workLoopSync (http://localhost:3000/node_modules/.vite/deps/chunk-GIFLVW4N.js?v=938883d9:22296:43)
    at renderRootSync (http://localhost:3000/node_modules/.vite/deps/chunk-GIFLVW4N.js?v=938883d9:22279:13)
[   12658ms] [WARNING] %s

%s
 An error occurred in the <Bs> component. Consider adding an error boundary to your tree to customize error handling behavior.
Visit https://react.dev/link/error-boundaries to learn more about error boundaries. @ http://localhost:3000/node_modules/.vite/deps/chunk-GIFLVW4N.js?v=938883d9:17796
[   12923ms] [ERROR] Connecting to 'wss://nbstream.binance.click/wallet-connector' violates the following Content Security Policy directive: "connect-src 'self' blob: data: https://*.alchemy.com https://*.arc.io https://*.arbitrum.io https://*.base.org/ https://*.coinbase.com https://*.coingecko.com/ https://*.coinmarketcap.com/ https://*.drpc.org/ https://*.googleapis.com https://*.infura.io https://*.nodereal.io https://*.optimism.io https://*.quiknode.pro https://*.uniswap.org https://*.walletconnect.com https://*.walletconnect.org https://api.avax.network/ext/bc/C/rpc https://api.moonpay.com/ https://api.opensea.io https://uploads.pinata.cloud https://bsc-dataseed.bnbchain.org https://bsc-dataseed1.bnbchain.org https://bsc-dataseed2.bnbchain.org https://bsc-dataseed3.bnbchain.org https://bsc-dataseed4.bnbchain.org https://bsc-dataseed-public.bnbchain.org https://opbnb-mainnet-rpc.bnbchain.org https://bsc-dataseed1.ninicoin.io https://bsc-dataseed2.ninicoin.io https://bscrpc.com https://buy.moonpay.com/ https://forno.celo.org/ https://images-country.meld.io https://lh3.googleusercontent.com/ https://mainnet.megaeth.com/rpc https://mainnet.base.org/ https://browser-intake-datadoghq.com https://polygon-rpc.com/ https://raw.githubusercontent.com https://rpc.ankr.com https://eth-mainnet.public.blastapi.io https://rpc.blast.io/ https://rpc.mevblocker.io/ https://rpc.scroll.io/ https://rpc.sepolia.org/ https://rpc.linea.build https://rpc.mainnet.chain.robinhood.com https://rpc.soneium.org https://rpc.tempo.xyz https://sepolia.gateway.tenderly.co https://ethereum-sepolia-rpc.publicnode.com https://rpc.zora.energy/ https://sockjs-us3.pusher.com/ https://sparrow.cloudflare.com/ https://statsigapi.net https://trustwallet.com https://uniswap.org https://valid.rpki.cloudflare.com https://vercel.com https://vercel.live/ https://mainnet.era.zksync.io/ https://mainnet.unichain.org/ https://api.web3modal.org https://api.statsig.com https://featuregates.org https://events.statsigapi.net https://api.statsigcdn.com https://featureassets.org https://assetsconfigcdn.org https://prodregistryv2.org https://cloudflare-dns.com https://beyondwickedmapping.org https://auth.privy.io https://privy.dev.ew.unihq.org https://privy.app.corn-staging.com https://privy.app.uniswap.org https://ipv4-check-perf.radar.cloudflare.com https://ipv6-check-perf.radar.cloudflare.com/ https://performance.radar.cloudflare.com/ https://invalid.rpki.cloudflare.com/ https://dnssec-oracle.ens.domains/ https://ccip-v3.ens.xyz wss://*.uniswap.org wss://relay.walletconnect.com wss://relay.walletconnect.org wss://ws-us3.pusher.com/ wss://nbstream.binance.com wss://nbstream.binance.info http://127.0.0.1:8545 http://127.0.0.1:8546". The action has been blocked. @ http://localhost:3000/node_modules/.vite/deps/dist-HLTB2MNM.js?v=938883d9:2922
[   12924ms] [ERROR] Connecting to 'wss://nbstream.yshyqxx.com/wallet-connector' violates the following Content Security Policy directive: "connect-src 'self' blob: data: https://*.alchemy.com https://*.arc.io https://*.arbitrum.io https://*.base.org/ https://*.coinbase.com https://*.coingecko.com/ https://*.coinmarketcap.com/ https://*.drpc.org/ https://*.googleapis.com https://*.infura.io https://*.nodereal.io https://*.optimism.io https://*.quiknode.pro https://*.uniswap.org https://*.walletconnect.com https://*.walletconnect.org https://api.avax.network/ext/bc/C/rpc https://api.moonpay.com/ https://api.opensea.io https://uploads.pinata.cloud https://bsc-dataseed.bnbchain.org https://bsc-dataseed1.bnbchain.org https://bsc-dataseed2.bnbchain.org https://bsc-dataseed3.bnbchain.org https://bsc-dataseed4.bnbchain.org https://bsc-dataseed-public.bnbchain.org https://opbnb-mainnet-rpc.bnbchain.org https://bsc-dataseed1.ninicoin.io https://bsc-dataseed2.ninicoin.io https://bscrpc.com https://buy.moonpay.com/ https://forno.celo.org/ https://images-country.meld.io https://lh3.googleusercontent.com/ https://mainnet.megaeth.com/rpc https://mainnet.base.org/ https://browser-intake-datadoghq.com https://polygon-rpc.com/ https://raw.githubusercontent.com https://rpc.ankr.com https://eth-mainnet.public.blastapi.io https://rpc.blast.io/ https://rpc.mevblocker.io/ https://rpc.scroll.io/ https://rpc.sepolia.org/ https://rpc.linea.build https://rpc.mainnet.chain.robinhood.com https://rpc.soneium.org https://rpc.tempo.xyz https://sepolia.gateway.tenderly.co https://ethereum-sepolia-rpc.publicnode.com https://rpc.zora.energy/ https://sockjs-us3.pusher.com/ https://sparrow.cloudflare.com/ https://statsigapi.net https://trustwallet.com https://uniswap.org https://valid.rpki.cloudflare.com https://vercel.com https://vercel.live/ https://mainnet.era.zksync.io/ https://mainnet.unichain.org/ https://api.web3modal.org https://api.statsig.com https://featuregates.org https://events.statsigapi.net https://api.statsigcdn.com https://featureassets.org https://assetsconfigcdn.org https://prodregistryv2.org https://cloudflare-dns.com https://beyondwickedmapping.org https://auth.privy.io https://privy.dev.ew.unihq.org https://privy.app.corn-staging.com https://privy.app.uniswap.org https://ipv4-check-perf.radar.cloudflare.com https://ipv6-check-perf.radar.cloudflare.com/ https://performance.radar.cloudflare.com/ https://invalid.rpki.cloudflare.com/ https://dnssec-oracle.ens.domains/ https://ccip-v3.ens.xyz wss://*.uniswap.org wss://relay.walletconnect.com wss://relay.walletconnect.org wss://ws-us3.pusher.com/ wss://nbstream.binance.com wss://nbstream.binance.info http://127.0.0.1:8545 http://127.0.0.1:8546". The action has been blocked. @ http://localhost:3000/node_modules/.vite/deps/dist-HLTB2MNM.js?v=938883d9:2922
[   12930ms] [WARNING] The configured WalletConnect 'metadata.url':https://app.uniswap.org differs from the actual page url:http://localhost:3000. This is probably unintended and can lead to issues. @ http://localhost:3000/node_modules/.vite/deps/index.es-4GBBWSEU.js:929
[   14838ms] [LOG] redux-persist/stateReconciler: rehydrated keys 'user, lists, _persist, userSettings, searchHistory, tokens, visibility, walletCapabilities, transactions, appearanceSettings' @ http://localhost:3000/node_modules/.vite/deps/redux-persist.js?v=938883d9:99
[   14857ms] [LOG] 🚀 ~ file: relay.ts:63 ~ .then ~ domains: [wss://nbstream.binance.com/wallet-connector, wss://nbstream.binance.info/wallet-connector] @ http://localhost:3000/node_modules/.vite/deps/dist-HLTB2MNM.js?v=938883d9:3350
[   15278ms] [WARNING] Lit is in dev mode. Not recommended for production! See https://lit.dev/msg/dev-mode for more information. @ http://localhost:3000/node_modules/.vite/deps/chunk-N6H6KB5L.js?v=938883d9:39
[   15427ms] [ERROR] Failed to load resource: the server responded with a status of 400 () @ https://pulse.walletconnect.org/e?projectId=hookswap_dev_placeholder&st=appkit&sv=html-core-1.7.8:0
[   15475ms] [ERROR] Failed to load resource: the server responded with a status of 403 () @ https://api.web3modal.org/appkit/v1/config?projectId=hookswap_dev_placeholder&st=appkit&sv=html-core-1.7.8:0
[   15475ms] [WARNING] [Reown Config] Failed to fetch remote project configuration. Using local/default values. Error: HTTP status code: 403
    at fetchData (http://localhost:3000/node_modules/.vite/deps/chunk-ZJI2UKLA.js?v=938883d9:3440:17)
    at async FetchUtil.get (http://localhost:3000/node_modules/.vite/deps/chunk-ZJI2UKLA.js?v=938883d9:3454:22)
    at async Object.fetchProjectConfig (http://localhost:3000/node_modules/.vite/deps/chunk-ZJI2UKLA.js?v=938883d9:6589:22)
    at async Object.fetchRemoteFeatures (http://localhost:3000/node_modules/.vite/deps/core-VSZF4MMW.js?v=938883d9:1073:26)
    at async AppKit.initialize (http://localhost:3000/node_modules/.vite/deps/core-VSZF4MMW.js?v=938883d9:1271:27) @ http://localhost:3000/node_modules/.vite/deps/core-VSZF4MMW.js?v=938883d9:1075
