// Jest Snapshot v1, https://goo.gl/fbAQLP

exports[`disable nft on searchbar should render text with nfts 1`] = `
.c0 {
  background-color: #76D1913d;
  color: #7780A0;
  padding: 0px 8px;
  width: 20px;
  height: 20px;
  border-radius: 4px;
  font-size: 12px;
  font-weight: 800;
  line-height: 16px;
  display: -webkit-box;
  display: -webkit-flex;
  display: -ms-flexbox;
  display: flex;
  -webkit-align-items: center;
  -webkit-box-align: center;
  -ms-flex-align: center;
  align-items: center;
  opacity: 0.6;
  -webkit-backdrop-filter: blur(60px);
  backdrop-filter: blur(60px);
}

<div>
  <div
    class="reset_base__1v77x6v0 sprinkles_display_flex_sm__y03vrm44v sprinkles_flexDirection_column_sm__y03vrm477 sprinkles_position_relative_sm__y03vrm491 sprinkles_width_auto_sm__y03vrm17v sprinkles_width_auto_md__y03vrm17w SearchBar_searchBarContainerNft__1x5at7a4 SearchBar__1x5at7a3 sprinkles_right_0_sm__y03vrm39p sprinkles_top_0_sm__y03vrm3f7 sprinkles_zIndex_3_sm__y03vrm3qj sprinkles_display_flex_sm__y03vrm44v sprinkles_maxHeight_searchResultsMaxHeight_sm__y03vrm1zd sprinkles_overflow_hidden_default__y03vrm7m3 searchBarContainerDisableBlur"
    data-cy="search-bar"
  >
    <div
      class="reset_base__1v77x6v0 sprinkles_display_flex_sm__y03vrm44v sprinkles_flexDirection_row_sm__y03vrm471 sprinkles_alignItems_center_sm__y03vrm3j sprinkles_borderRadius_12_default__y03vrm7bj sprinkles_borderBottomWidth_1px_default__y03vrm7kj sprinkles_backgroundColor_searchBackground_default__y03vrm6d1 sprinkles_gap_12_sm__y03vrm3tj SearchBar_nftSearchBar__1x5at7a9 SearchBar_baseSearchNftStyle__1x5at7a2 SearchBar_baseSearchStyle__1x5at7a1 SearchBar__1x5at7a0 sprinkles_paddingTop_12_sm__y03vrm2ov sprinkles_paddingBottom_12_sm__y03vrm28d sprinkles_width_viewWidth_sm__y03vrm17p sprinkles_borderStyle_solid_default__y03vrm7ab sprinkles_borderWidth_1px_default__y03vrm7jr sprinkles_borderColor_searchOutline_default__y03vrm51v SearchBar__1x5at7a8 sprinkles_paddingLeft_16_sm__y03vrm2e7 sprinkles_paddingRight_16_sm__y03vrm2jp sprinkles_color_textSecondary_default__y03vrm4ep common_magicalGradientOnHover__rrxlbab common_magicalGradient__rrxlbaa"
    >
      <div
        class="reset_base__1v77x6v0 SearchBar_searchContentLeftAlign__1x5at7a10"
      >
        <div
          class="reset_base__1v77x6v0 sprinkles_display_none_sm__y03vrm44j sprinkles_display_flex_md__y03vrm44w"
        >
          <svg
            fill="none"
            height="16"
            viewBox="0 0 16 16"
            width="16"
            xmlns="http://www.w3.org/2000/svg"
          >
            <path
              d="M15 15L11.2439 11.2439M12.3821 6.69106C12.3821 9.83414 9.83414 12.3821 6.69106 12.3821C3.54797 12.3821 1 9.83414 1 6.69106C1 3.54797 3.54797 1 6.69106 1C9.83414 1 12.3821 3.54797 12.3821 6.69106Z"
              stroke="currentColor"
              stroke-linecap="round"
              stroke-linejoin="round"
              stroke-width="1.5"
            />
          </svg>
        </div>
        <div
          class="reset_base__1v77x6v0 sprinkles_display_flex_sm__y03vrm44v sprinkles_display_none_md__y03vrm44k sprinkles_color_textTertiary_default__y03vrm4ev"
        >
          <svg
            fill="none"
            height="16"
            viewBox="0 0 8 16"
            width="8"
            xmlns="http://www.w3.org/2000/svg"
          >
            <path
              d="M7 1L1 7L7 13"
              stroke="currentColor"
              stroke-linecap="round"
              stroke-linejoin="round"
              stroke-width="2"
            />
          </svg>
        </div>
      </div>
      <input
        class="reset_base__1v77x6v0 reset_input__1v77x6v8 reset_field__1v77x6v5 reset_appearance__1v77x6v4 sprinkles_width_full_sm__y03vrm16v SearchBar_searchBarInput__1x5at7ab SearchBar__1x5at7aa sprinkles_padding_0_sm__y03vrm2t7 sprinkles_fontWeight_normal_sm__y03vrmcp sprinkles_fontSize_16_sm__y03vrmb1 sprinkles_color_textPrimary_default__y03vrm4ej sprinkles_color_textSecondary_placeholder__y03vrm4eu sprinkles_border_none_default__y03vrm7iz sprinkles_background_none_default__y03vrm4sj sprinkles_lineHeight_24_sm__y03vrmed sprinkles_height_full_sm__y03vrm1dv SearchBar_searchContentLeftAlign__1x5at7a10"
        data-cy="search-bar-input"
        placeholder="Search tokens and NFT collections"
        value=""
      />
      <div
        class="c0"
      >
        /
      </div>
    </div>
    <div
      class="reset_base__1v77x6v0 sprinkles_display_flex_sm__y03vrm44v sprinkles_flexDirection_column_sm__y03vrm477 sprinkles_overflow_hidden_default__y03vrm7m3 SearchBar_hidden__1x5at7ax SearchBar__1x5at7aw sprinkles_visibility_hidden_sm__y03vrm46v sprinkles_opacity_0_sm__y03vrm4ad sprinkles_padding_0_sm__y03vrm2t7 sprinkles_height_0_sm__y03vrm187"
    />
  </div>
</div>
`;

exports[`disable nft on searchbar should render text without nfts 1`] = `
.c0 {
  background-color: #76D1913d;
  color: #7780A0;
  padding: 0px 8px;
  width: 20px;
  height: 20px;
  border-radius: 4px;
  font-size: 12px;
  font-weight: 800;
  line-height: 16px;
  display: -webkit-box;
  display: -webkit-flex;
  display: -ms-flexbox;
  display: flex;
  -webkit-align-items: center;
  -webkit-box-align: center;
  -ms-flex-align: center;
  align-items: center;
  opacity: 0.6;
  -webkit-backdrop-filter: blur(60px);
  backdrop-filter: blur(60px);
}

<div>
  <div
    class="reset_base__1v77x6v0 sprinkles_display_flex_sm__y03vrm44v sprinkles_flexDirection_column_sm__y03vrm477 sprinkles_position_relative_sm__y03vrm491 sprinkles_width_auto_sm__y03vrm17v sprinkles_width_auto_md__y03vrm17w SearchBar_searchBarContainerNft__1x5at7a4 SearchBar__1x5at7a3 sprinkles_right_0_sm__y03vrm39p sprinkles_top_0_sm__y03vrm3f7 sprinkles_zIndex_3_sm__y03vrm3qj sprinkles_display_flex_sm__y03vrm44v sprinkles_maxHeight_searchResultsMaxHeight_sm__y03vrm1zd sprinkles_overflow_hidden_default__y03vrm7m3 searchBarContainerDisableBlur"
    data-cy="search-bar"
  >
    <div
      class="reset_base__1v77x6v0 sprinkles_display_flex_sm__y03vrm44v sprinkles_flexDirection_row_sm__y03vrm471 sprinkles_alignItems_center_sm__y03vrm3j sprinkles_borderRadius_12_default__y03vrm7bj sprinkles_borderBottomWidth_1px_default__y03vrm7kj sprinkles_backgroundColor_searchBackground_default__y03vrm6d1 sprinkles_gap_12_sm__y03vrm3tj SearchBar_nftSearchBar__1x5at7a9 SearchBar_baseSearchNftStyle__1x5at7a2 SearchBar_baseSearchStyle__1x5at7a1 SearchBar__1x5at7a0 sprinkles_paddingTop_12_sm__y03vrm2ov sprinkles_paddingBottom_12_sm__y03vrm28d sprinkles_width_viewWidth_sm__y03vrm17p sprinkles_borderStyle_solid_default__y03vrm7ab sprinkles_borderWidth_1px_default__y03vrm7jr sprinkles_borderColor_searchOutline_default__y03vrm51v SearchBar__1x5at7a8 sprinkles_paddingLeft_16_sm__y03vrm2e7 sprinkles_paddingRight_16_sm__y03vrm2jp sprinkles_color_textSecondary_default__y03vrm4ep common_magicalGradientOnHover__rrxlbab common_magicalGradient__rrxlbaa"
    >
      <div
        class="reset_base__1v77x6v0 SearchBar_searchContentLeftAlign__1x5at7a10"
      >
        <div
          class="reset_base__1v77x6v0 sprinkles_display_none_sm__y03vrm44j sprinkles_display_flex_md__y03vrm44w"
        >
          <svg
            fill="none"
            height="16"
            viewBox="0 0 16 16"
            width="16"
            xmlns="http://www.w3.org/2000/svg"
          >
            <path
              d="M15 15L11.2439 11.2439M12.3821 6.69106C12.3821 9.83414 9.83414 12.3821 6.69106 12.3821C3.54797 12.3821 1 9.83414 1 6.69106C1 3.54797 3.54797 1 6.69106 1C9.83414 1 12.3821 3.54797 12.3821 6.69106Z"
              stroke="currentColor"
              stroke-linecap="round"
              stroke-linejoin="round"
              stroke-width="1.5"
            />
          </svg>
        </div>
        <div
          class="reset_base__1v77x6v0 sprinkles_display_flex_sm__y03vrm44v sprinkles_display_none_md__y03vrm44k sprinkles_color_textTertiary_default__y03vrm4ev"
        >
          <svg
            fill="none"
            height="16"
            viewBox="0 0 8 16"
            width="8"
            xmlns="http://www.w3.org/2000/svg"
          >
            <path
              d="M7 1L1 7L7 13"
              stroke="currentColor"
              stroke-linecap="round"
              stroke-linejoin="round"
              stroke-width="2"
            />
          </svg>
        </div>
      </div>
      <input
        class="reset_base__1v77x6v0 reset_input__1v77x6v8 reset_field__1v77x6v5 reset_appearance__1v77x6v4 sprinkles_width_full_sm__y03vrm16v SearchBar_searchBarInput__1x5at7ab SearchBar__1x5at7aa sprinkles_padding_0_sm__y03vrm2t7 sprinkles_fontWeight_normal_sm__y03vrmcp sprinkles_fontSize_16_sm__y03vrmb1 sprinkles_color_textPrimary_default__y03vrm4ej sprinkles_color_textSecondary_placeholder__y03vrm4eu sprinkles_border_none_default__y03vrm7iz sprinkles_background_none_default__y03vrm4sj sprinkles_lineHeight_24_sm__y03vrmed sprinkles_height_full_sm__y03vrm1dv SearchBar_searchContentLeftAlign__1x5at7a10"
        data-cy="search-bar-input"
        placeholder="Search tokens"
        value=""
      />
      <div
        class="c0"
      >
        /
      </div>
    </div>
    <div
      class="reset_base__1v77x6v0 sprinkles_display_flex_sm__y03vrm44v sprinkles_flexDirection_column_sm__y03vrm477 sprinkles_overflow_hidden_default__y03vrm7m3 SearchBar_hidden__1x5at7ax SearchBar__1x5at7aw sprinkles_visibility_hidden_sm__y03vrm46v sprinkles_opacity_0_sm__y03vrm4ad sprinkles_padding_0_sm__y03vrm2t7 sprinkles_height_0_sm__y03vrm187"
    />
  </div>
</div>
`;
