// Jest Snapshot v1, https://goo.gl/fbAQLP

exports[`disable nft on searchbar should render text with nfts 1`] = `
.c0 {
  background-color: #ADBCFF3d;
  color: #7780A0;
  padding: 0px 8px;
  width: 20px;
  height: 20px;
  border-radius: 4px;
  font-size: 12px;
  font-weight: 800;
  line-height: 16px;
  display: -webkit-box;
  display: -webkit-flex;
  display: -ms-flexbox;
  display: flex;
  -webkit-align-items: center;
  -webkit-box-align: center;
  -ms-flex-align: center;
  align-items: center;
  opacity: 0.6;
  -webkit-backdrop-filter: blur(60px);
  backdrop-filter: blur(60px);
}

<div>
  <div
    class="reset_base__t5hxrh0 sprinkles_display_flex_sm__ze2bfo44v sprinkles_flexDirection_column_sm__ze2bfo477 sprinkles_position_relative_sm__ze2bfo491 sprinkles_width_auto_sm__ze2bfo17v sprinkles_width_auto_md__ze2bfo17w SearchBar_searchBarContainerNft__1xxub864 SearchBar__1xxub863 sprinkles_right_0_sm__ze2bfo39p sprinkles_top_0_sm__ze2bfo3f7 sprinkles_zIndex_3_sm__ze2bfo3qj sprinkles_display_flex_sm__ze2bfo44v sprinkles_maxHeight_searchResultsMaxHeight_sm__ze2bfo1zd sprinkles_overflow_hidden_default__ze2bfo7m3 searchBarContainerDisableBlur"
    data-cy="search-bar"
  >
    <div
      class="reset_base__t5hxrh0 sprinkles_display_flex_sm__ze2bfo44v sprinkles_flexDirection_row_sm__ze2bfo471 sprinkles_alignItems_center_sm__ze2bfo3j sprinkles_borderRadius_12_default__ze2bfo7bj sprinkles_borderBottomWidth_1px_default__ze2bfo7kj sprinkles_backgroundColor_searchBackground_default__ze2bfo6d1 sprinkles_gap_12_sm__ze2bfo3tj SearchBar_nftSearchBar__1xxub869 SearchBar_baseSearchNftStyle__1xxub862 SearchBar_baseSearchStyle__1xxub861 SearchBar__1xxub860 sprinkles_paddingTop_12_sm__ze2bfo2ov sprinkles_paddingBottom_12_sm__ze2bfo28d sprinkles_width_viewWidth_sm__ze2bfo17p sprinkles_borderStyle_solid_default__ze2bfo7ab sprinkles_borderWidth_1px_default__ze2bfo7jr sprinkles_borderColor_searchOutline_default__ze2bfo51v SearchBar__1xxub868 sprinkles_paddingLeft_16_sm__ze2bfo2e7 sprinkles_paddingRight_16_sm__ze2bfo2jp sprinkles_color_textSecondary_default__ze2bfo4ep common_magicalGradientOnHover__15hcykb common_magicalGradient__15hcyka"
    >
      <div
        class="reset_base__t5hxrh0 SearchBar_searchContentLeftAlign__1xxub8610"
      >
        <div
          class="reset_base__t5hxrh0 sprinkles_display_none_sm__ze2bfo44j sprinkles_display_flex_md__ze2bfo44w"
        >
          <svg
            fill="none"
            height="16"
            viewBox="0 0 16 16"
            width="16"
            xmlns="http://www.w3.org/2000/svg"
          >
            <path
              d="M15 15L11.2439 11.2439M12.3821 6.69106C12.3821 9.83414 9.83414 12.3821 6.69106 12.3821C3.54797 12.3821 1 9.83414 1 6.69106C1 3.54797 3.54797 1 6.69106 1C9.83414 1 12.3821 3.54797 12.3821 6.69106Z"
              stroke="currentColor"
              stroke-linecap="round"
              stroke-linejoin="round"
              stroke-width="1.5"
            />
          </svg>
        </div>
        <div
          class="reset_base__t5hxrh0 sprinkles_display_flex_sm__ze2bfo44v sprinkles_display_none_md__ze2bfo44k sprinkles_color_textTertiary_default__ze2bfo4ev"
        >
          <svg
            fill="none"
            height="16"
            viewBox="0 0 8 16"
            width="8"
            xmlns="http://www.w3.org/2000/svg"
          >
            <path
              d="M7 1L1 7L7 13"
              stroke="currentColor"
              stroke-linecap="round"
              stroke-linejoin="round"
              stroke-width="2"
            />
          </svg>
        </div>
      </div>
      <input
        class="reset_base__t5hxrh0 reset_input__t5hxrh8 reset_field__t5hxrh5 reset_appearance__t5hxrh4 sprinkles_width_full_sm__ze2bfo16v SearchBar_searchBarInput__1xxub86b SearchBar__1xxub86a sprinkles_padding_0_sm__ze2bfo2t7 sprinkles_fontWeight_normal_sm__ze2bfocp sprinkles_fontSize_16_sm__ze2bfob1 sprinkles_color_textPrimary_default__ze2bfo4ej sprinkles_color_textSecondary_placeholder__ze2bfo4eu sprinkles_border_none_default__ze2bfo7iz sprinkles_background_none_default__ze2bfo4sj sprinkles_lineHeight_24_sm__ze2bfoed sprinkles_height_full_sm__ze2bfo1dv SearchBar_searchContentLeftAlign__1xxub8610"
        data-cy="search-bar-input"
        placeholder="Search tokens and NFT collections"
        value=""
      />
      <div
        class="c0"
      >
        /
      </div>
    </div>
    <div
      class="reset_base__t5hxrh0 sprinkles_display_flex_sm__ze2bfo44v sprinkles_flexDirection_column_sm__ze2bfo477 sprinkles_overflow_hidden_default__ze2bfo7m3 SearchBar_hidden__1xxub86x SearchBar__1xxub86w sprinkles_visibility_hidden_sm__ze2bfo46v sprinkles_opacity_0_sm__ze2bfo4ad sprinkles_padding_0_sm__ze2bfo2t7 sprinkles_height_0_sm__ze2bfo187"
    />
  </div>
</div>
`;

exports[`disable nft on searchbar should render text without nfts 1`] = `
.c0 {
  background-color: #ADBCFF3d;
  color: #7780A0;
  padding: 0px 8px;
  width: 20px;
  height: 20px;
  border-radius: 4px;
  font-size: 12px;
  font-weight: 800;
  line-height: 16px;
  display: -webkit-box;
  display: -webkit-flex;
  display: -ms-flexbox;
  display: flex;
  -webkit-align-items: center;
  -webkit-box-align: center;
  -ms-flex-align: center;
  align-items: center;
  opacity: 0.6;
  -webkit-backdrop-filter: blur(60px);
  backdrop-filter: blur(60px);
}

<div>
  <div
    class="reset_base__t5hxrh0 sprinkles_display_flex_sm__ze2bfo44v sprinkles_flexDirection_column_sm__ze2bfo477 sprinkles_position_relative_sm__ze2bfo491 sprinkles_width_auto_sm__ze2bfo17v sprinkles_width_auto_md__ze2bfo17w SearchBar_searchBarContainerNft__1xxub864 SearchBar__1xxub863 sprinkles_right_0_sm__ze2bfo39p sprinkles_top_0_sm__ze2bfo3f7 sprinkles_zIndex_3_sm__ze2bfo3qj sprinkles_display_flex_sm__ze2bfo44v sprinkles_maxHeight_searchResultsMaxHeight_sm__ze2bfo1zd sprinkles_overflow_hidden_default__ze2bfo7m3 searchBarContainerDisableBlur"
    data-cy="search-bar"
  >
    <div
      class="reset_base__t5hxrh0 sprinkles_display_flex_sm__ze2bfo44v sprinkles_flexDirection_row_sm__ze2bfo471 sprinkles_alignItems_center_sm__ze2bfo3j sprinkles_borderRadius_12_default__ze2bfo7bj sprinkles_borderBottomWidth_1px_default__ze2bfo7kj sprinkles_backgroundColor_searchBackground_default__ze2bfo6d1 sprinkles_gap_12_sm__ze2bfo3tj SearchBar_nftSearchBar__1xxub869 SearchBar_baseSearchNftStyle__1xxub862 SearchBar_baseSearchStyle__1xxub861 SearchBar__1xxub860 sprinkles_paddingTop_12_sm__ze2bfo2ov sprinkles_paddingBottom_12_sm__ze2bfo28d sprinkles_width_viewWidth_sm__ze2bfo17p sprinkles_borderStyle_solid_default__ze2bfo7ab sprinkles_borderWidth_1px_default__ze2bfo7jr sprinkles_borderColor_searchOutline_default__ze2bfo51v SearchBar__1xxub868 sprinkles_paddingLeft_16_sm__ze2bfo2e7 sprinkles_paddingRight_16_sm__ze2bfo2jp sprinkles_color_textSecondary_default__ze2bfo4ep common_magicalGradientOnHover__15hcykb common_magicalGradient__15hcyka"
    >
      <div
        class="reset_base__t5hxrh0 SearchBar_searchContentLeftAlign__1xxub8610"
      >
        <div
          class="reset_base__t5hxrh0 sprinkles_display_none_sm__ze2bfo44j sprinkles_display_flex_md__ze2bfo44w"
        >
          <svg
            fill="none"
            height="16"
            viewBox="0 0 16 16"
            width="16"
            xmlns="http://www.w3.org/2000/svg"
          >
            <path
              d="M15 15L11.2439 11.2439M12.3821 6.69106C12.3821 9.83414 9.83414 12.3821 6.69106 12.3821C3.54797 12.3821 1 9.83414 1 6.69106C1 3.54797 3.54797 1 6.69106 1C9.83414 1 12.3821 3.54797 12.3821 6.69106Z"
              stroke="currentColor"
              stroke-linecap="round"
              stroke-linejoin="round"
              stroke-width="1.5"
            />
          </svg>
        </div>
        <div
          class="reset_base__t5hxrh0 sprinkles_display_flex_sm__ze2bfo44v sprinkles_display_none_md__ze2bfo44k sprinkles_color_textTertiary_default__ze2bfo4ev"
        >
          <svg
            fill="none"
            height="16"
            viewBox="0 0 8 16"
            width="8"
            xmlns="http://www.w3.org/2000/svg"
          >
            <path
              d="M7 1L1 7L7 13"
              stroke="currentColor"
              stroke-linecap="round"
              stroke-linejoin="round"
              stroke-width="2"
            />
          </svg>
        </div>
      </div>
      <input
        class="reset_base__t5hxrh0 reset_input__t5hxrh8 reset_field__t5hxrh5 reset_appearance__t5hxrh4 sprinkles_width_full_sm__ze2bfo16v SearchBar_searchBarInput__1xxub86b SearchBar__1xxub86a sprinkles_padding_0_sm__ze2bfo2t7 sprinkles_fontWeight_normal_sm__ze2bfocp sprinkles_fontSize_16_sm__ze2bfob1 sprinkles_color_textPrimary_default__ze2bfo4ej sprinkles_color_textSecondary_placeholder__ze2bfo4eu sprinkles_border_none_default__ze2bfo7iz sprinkles_background_none_default__ze2bfo4sj sprinkles_lineHeight_24_sm__ze2bfoed sprinkles_height_full_sm__ze2bfo1dv SearchBar_searchContentLeftAlign__1xxub8610"
        data-cy="search-bar-input"
        placeholder="Search tokens"
        value=""
      />
      <div
        class="c0"
      >
        /
      </div>
    </div>
    <div
      class="reset_base__t5hxrh0 sprinkles_display_flex_sm__ze2bfo44v sprinkles_flexDirection_column_sm__ze2bfo477 sprinkles_overflow_hidden_default__ze2bfo7m3 SearchBar_hidden__1xxub86x SearchBar__1xxub86w sprinkles_visibility_hidden_sm__ze2bfo46v sprinkles_opacity_0_sm__ze2bfo4ad sprinkles_padding_0_sm__ze2bfo2t7 sprinkles_height_0_sm__ze2bfo187"
    />
  </div>
</div>
`;
