// Jest Snapshot v1, https://goo.gl/fbAQLP

exports[`SwapLineItem.tsx dutch order eth input 1`] = `[Function]`;

exports[`SwapLineItem.tsx exact input 1`] = `[Function]`;

exports[`SwapLineItem.tsx exact input api 1`] = `[Function]`;

exports[`SwapLineItem.tsx exact output 1`] = `[Function]`;

exports[`SwapLineItem.tsx fee on buy 1`] = `[Function]`;

exports[`SwapLineItem.tsx fee on sell 1`] = `[Function]`;

exports[`SwapLineItem.tsx syncing 1`] = `[Function]`;
