// Jest Snapshot v1, https://goo.gl/fbAQLP

exports[`SwapSkeleton.tsx renders a skeleton 1`] = `
<DocumentFragment>
  .c2 {
  color: #0D111C;
}

.c9 {
  border-radius: 12px;
  height: 40px;
  width: 40px;
  position: relative;
  margin-top: -18px;
  margin-bottom: -18px;
  margin-left: auto;
  margin-right: auto;
  background-color: #E8ECFB;
  border: 4px solid;
  border-color: #FFFFFF;
  z-index: 2;
}

.c11 {
  display: -webkit-inline-box;
  display: -webkit-inline-flex;
  display: -ms-inline-flexbox;
  display: inline-flex;
  -webkit-align-items: center;
  -webkit-box-align: center;
  -ms-flex-align: center;
  align-items: center;
  -webkit-box-pack: center;
  -webkit-justify-content: center;
  -ms-flex-pack: center;
  justify-content: center;
  width: 100%;
  height: 100%;
}

.c10 {
  position: absolute;
  left: 50%;
  -webkit-transform: translate(-50%,-50%);
  -ms-transform: translate(-50%,-50%);
  transform: translate(-50%,-50%);
  margin: 0;
}

.c0 {
  display: -webkit-box;
  display: -webkit-flex;
  display: -ms-flexbox;
  display: flex;
  -webkit-flex-direction: column;
  -ms-flex-direction: column;
  flex-direction: column;
  gap: 4px;
  -webkit-box-pack: justify;
  -webkit-justify-content: space-between;
  -ms-flex-pack: justify;
  justify-content: space-between;
  padding: 8px;
  border: 1px solid #D2D9EE;
  border-radius: 16px;
  background-color: #FFFFFF;
}

.c5 {
  background-color: #F5F6FC;
  border-radius: 4px;
  height: 56px;
  width: 60px;
}

.c7 {
  background-color: #F5F6FC;
  border-radius: 16px;
  height: 56px;
  width: 100px;
}

.c12 {
  background-color: #F5F6FC;
  border-radius: 16px;
  height: 56px;
  width: 100%;
}

.c6 {
  background-color: #D2D9EE;
  height: 36px;
}

.c1 {
  padding: 8px;
}

.c4 {
  display: -webkit-box;
  display: -webkit-flex;
  display: -ms-flexbox;
  display: flex;
  -webkit-align-items: center;
  -webkit-box-align: center;
  -ms-flex-align: center;
  align-items: center;
  -webkit-box-pack: justify;
  -webkit-justify-content: space-between;
  -ms-flex-pack: justify;
  justify-content: space-between;
}

.c3 {
  display: -webkit-box;
  display: -webkit-flex;
  display: -ms-flexbox;
  display: flex;
  -webkit-flex-flow: column;
  -ms-flex-flow: column;
  flex-flow: column;
  background-color: #F5F6FC;
  border-radius: 16px;
  display: -webkit-box;
  display: -webkit-flex;
  display: -ms-flexbox;
  display: flex;
  gap: 30px;
  padding: 48px 12px;
}

.c8 {
  position: relative;
}

<div
    class="c0"
  >
    <div
      class="c1"
    >
      <div
        class="c2 css-rjqmed"
      >
        Swap
      </div>
    </div>
    <div
      class="c3"
    >
      <div
        class="c4"
      >
        <div
          class="c5 c6"
          width="60"
        />
        <div
          class="c7 c6"
          radius="16"
          width="100"
        />
      </div>
    </div>
    <div
      class="c8"
    >
      <div
        class="c9 c10"
      >
        <div
          class="c11"
        >
          <svg
            fill="none"
            height="16"
            stroke="#98A1C0"
            stroke-linecap="round"
            stroke-linejoin="round"
            stroke-width="2"
            viewBox="0 0 24 24"
            width="16"
            xmlns="http://www.w3.org/2000/svg"
          >
            <line
              x1="12"
              x2="12"
              y1="5"
              y2="19"
            />
            <polyline
              points="19 12 12 19 5 12"
            />
          </svg>
        </div>
      </div>
      <div
        class="c3"
      >
        <div
          class="c4"
        >
          <div
            class="c5 c6"
            width="60"
          />
          <div
            class="c7 c6"
            radius="16"
            width="100"
          />
        </div>
      </div>
    </div>
    <div
      class="c12"
      radius="16"
    />
  </div>
</DocumentFragment>
`;
