// Vitest Snapshot v1, https://vitest.dev/guide/snapshot.html

exports[`AnimatedText > renders without error 1`] = `
<DocumentFragment>
  <span
    class=""
    style="display: contents;"
  >
    <input
      autocapitalize="sentences"
      autocomplete="on"
      autocorrect="on"
      class="css-textinput-11aywtz r-placeholderTextColor-6taxm2 r-padding-t60dpp"
      dir="auto"
      readonly=""
      rows="1"
      spellcheck="true"
      style="font-family: var(--f-family); font-weight: var(--f-weight-book); line-height: var(--f-lineHeight-medium);"
      value="Rendered"
      virtualkeyboardpolicy="auto"
    />
    <div
      style="display: contents;"
    />
  </span>
</DocumentFragment>
`;
