// Jest Snapshot v1, https://goo.gl/fbAQLP

exports[`LimitsMenu should render when there are two open orders 1`] = `
.c0 {
  display: -webkit-box;
  display: -webkit-flex;
  display: -ms-flexbox;
  display: flex;
  -webkit-flex-direction: column;
  -ms-flex-direction: column;
  flex-direction: column;
  -webkit-box-pack: start;
  -webkit-justify-content: flex-start;
  -ms-flex-pack: start;
  justify-content: flex-start;
}

.c6 {
  display: -webkit-box;
  display: -webkit-flex;
  display: -ms-flexbox;
  display: flex;
  -webkit-flex-direction: column;
  -ms-flex-direction: column;
  flex-direction: column;
  -webkit-box-pack: start;
  -webkit-justify-content: flex-start;
  -ms-flex-pack: start;
  justify-content: flex-start;
  gap: 8px;
}

.c17 {
  display: grid;
  grid-auto-rows: auto;
  -webkit-box-flex: 1;
  -webkit-flex-grow: 1;
  -ms-flex-positive: 1;
  flex-grow: 1;
}

.c13 {
  box-sizing: border-box;
  margin: 0;
  min-width: 0;
}

.c14 {
  width: 100%;
  display: -webkit-box;
  display: -webkit-flex;
  display: -ms-flexbox;
  display: flex;
  padding: 0;
  -webkit-align-items: center;
  -webkit-box-align: center;
  -ms-flex-align: center;
  align-items: center;
  -webkit-box-pack: start;
  -webkit-justify-content: flex-start;
  -ms-flex-pack: start;
  justify-content: flex-start;
}

.c18 {
  width: 100%;
  display: -webkit-box;
  display: -webkit-flex;
  display: -ms-flexbox;
  display: flex;
  padding: 0;
  -webkit-align-items: center;
  -webkit-box-align: center;
  -ms-flex-align: center;
  align-items: center;
  -webkit-box-pack: start;
  -webkit-justify-content: flex-start;
  -ms-flex-pack: start;
  justify-content: flex-start;
  gap: 4px;
}

.c5 {
  color: #222222;
  -webkit-letter-spacing: -0.01em;
  -moz-letter-spacing: -0.01em;
  -ms-letter-spacing: -0.01em;
  letter-spacing: -0.01em;
}

.c9 {
  color: #7D7D7D;
  -webkit-letter-spacing: -0.01em;
  -moz-letter-spacing: -0.01em;
  -ms-letter-spacing: -0.01em;
  letter-spacing: -0.01em;
}

.c20 {
  -webkit-letter-spacing: -0.01em;
  -moz-letter-spacing: -0.01em;
  -ms-letter-spacing: -0.01em;
  letter-spacing: -0.01em;
}

.c11 {
  -webkit-text-decoration: none;
  text-decoration: none;
  cursor: pointer;
  -webkit-transition-duration: 125ms;
  transition-duration: 125ms;
  color: #FC72FF;
  stroke: #FC72FF;
  font-weight: 500;
}

.c11:hover {
  opacity: 0.6;
}

.c11:active {
  opacity: 0.4;
}

.c7 {
  background-color: #F9F9F9;
  border-radius: 12px;
  padding: 12px;
  margin-top: 12px;
}

.c10 {
  line-height: 16px;
}

.c15 {
  gap: 12px;
  height: 68px;
  padding: 0 16px;
  -webkit-transition: 250ms ease background-color;
  transition: 250ms ease background-color;
  cursor: pointer;
}

.c15:hover {
  cursor: pointer;
}

.c16 {
  padding: 8px 0;
  height: unset;
  white-space: nowrap;
  overflow: hidden;
  text-overflow: ellipsis;
}

.c19 * {
  max-width: 40%;
  white-space: nowrap;
  overflow: hidden;
  text-overflow: ellipsis;
}

.c1 {
  width: 100%;
  overflow: auto;
  margin-top: 4px;
  padding: 14px 16px 16px;
  -webkit-scrollbar-width: thin;
  -moz-scrollbar-width: thin;
  -ms-scrollbar-width: thin;
  scrollbar-width: thin;
  -webkit-scrollbar-color: #22222212 transparent;
  -moz-scrollbar-color: #22222212 transparent;
  -ms-scrollbar-color: #22222212 transparent;
  scrollbar-color: #22222212 transparent;
  height: 100%;
}

.c1::-webkit-scrollbar {
  background: transparent;
  width: 4px;
  overflow-y: scroll;
}

.c1::-webkit-scrollbar-thumb {
  background: #22222212;
  border-radius: 8px;
}

.c1::-webkit-scrollbar-track {
  margin-top: 40px;
}

.c4 {
  position: absolute;
  left: 50%;
  top: 50%;
  -webkit-transform: translate(-50%,-50%);
  -ms-transform: translate(-50%,-50%);
  transform: translate(-50%,-50%);
}

.c3 {
  -webkit-text-decoration: none;
  text-decoration: none;
  cursor: pointer;
  -webkit-transition-duration: 125ms;
  transition-duration: 125ms;
}

.c3:hover {
  opacity: 0.6;
}

.c3:active {
  opacity: 0.4;
}

.c2 {
  color: #222222;
  display: -webkit-box;
  display: -webkit-flex;
  display: -ms-flexbox;
  display: flex;
  -webkit-box-pack: justify;
  -webkit-justify-content: space-between;
  -ms-flex-pack: justify;
  justify-content: space-between;
  position: relative;
  width: 100%;
  margin-bottom: 20px;
}

.c12 {
  height: 100%;
  position: relative;
}

.c8 {
  margin-bottom: 24px;
}

<div>
  <span
    class=""
    style="display: contents;"
  >
    <span
      class=" _dsp_contents"
    >
      <span
        class=" t_light _dsp_contents is_Theme"
      >
        <div
          class="c0 c1"
        >
          <div
            class="c2"
          >
            <svg
              class="c3"
              data-testid="wallet-back"
              fill="none"
              height="24"
              stroke="currentColor"
              stroke-linecap="round"
              stroke-linejoin="round"
              stroke-width="2"
              viewBox="0 0 24 24"
              width="24"
              xmlns="http://www.w3.org/2000/svg"
            >
              <line
                x1="19"
                x2="5"
                y1="12"
                y2="12"
              />
              <polyline
                points="12 19 5 12 12 5"
              />
            </svg>
            <span
              class="c4"
            >
              <div
                class="c5 css-n8z49y"
              >
                Open limits
              </div>
            </span>
          </div>
          <div
            class="c6 c7 c8"
          >
            <div
              class="c9 c10 css-1m65e73"
            >
              Please be aware that the execution for limits may vary based on real-time market fluctuations and Ethereum network congestion. Limits may not execute exactly when tokens reach the specified price.
            </div>
            <div
              class="c9 c10 css-1m65e73"
            >
              Canceling a limit has a network cost.
            </div>
            <div
              class="c9 c10 css-1m65e73"
            >
              <a
                class="c11"
                href="https://support.uniswap.org/hc/en-us/articles/24300813697933"
                rel="noopener noreferrer"
                target="_blank"
              >
                Learn more
              </a>
            </div>
          </div>
          <div
            class="c0 c12"
            data-testid="LimitsMenuContainer"
          >
            <div
              class="c13 c14"
            >
              <div
                class="c13 c14 c15 c16"
              >
                <div
                  class="c17"
                >
                  <div
                    class="c9 css-15li2d9"
                  >
                    Expires January 26, 2024 at 1:52PM
                  </div>
                  <div
                    class="c0"
                  >
                    <div
                      class="c13 c18 c19"
                    >
                      <div
                        class="c5 css-n8z49y"
                      >
                        252.074
                         
                        DAI
                      </div>
                      <svg
                        fill="none"
                        height="12px"
                        stroke="#222222"
                        stroke-linecap="round"
                        stroke-linejoin="round"
                        stroke-width="2"
                        viewBox="0 0 24 24"
                        width="12px"
                        xmlns="http://www.w3.org/2000/svg"
                      >
                        <line
                          x1="5"
                          x2="19"
                          y1="12"
                          y2="12"
                        />
                        <polyline
                          points="12 5 19 12 12 19"
                        />
                      </svg>
                      <div
                        class="c5 css-n8z49y"
                      >
                        0.10684
                         
                        WETH
                      </div>
                    </div>
                    <div
                      class="c20 css-142zc9n"
                    >
                      when 0.00042 WETH/DAI
                    </div>
                  </div>
                </div>
              </div>
              <div
                class="css-view-175oi2r"
                style="display: flex; flex-basis: auto; box-sizing: border-box; position: relative; min-height: 0px; min-width: 0px; flex-shrink: 0; flex-direction: column; align-items: center; justify-content: center; border-bottom-style: solid; border-top-style: solid; border-left-style: solid; border-right-style: solid; border-top-color: rgba(0,0,0,0.00); border-right-color: rgba(0,0,0,0.00); border-bottom-color: rgba(0,0,0,0.00); border-left-color: rgba(0,0,0,0.00); border-top-left-radius: [object Object]; border-top-right-radius: [object Object]; border-bottom-right-radius: [object Object]; border-bottom-left-radius: [object Object]; border-top-width: 1px; border-right-width: 1px; border-bottom-width: 1px; border-left-width: 1px; height: 26px; width: 26px;"
              >
                <div
                  aria-checked="false"
                  class="css-view-175oi2r"
                  role="checkbox"
                  style="display: flex; flex-basis: auto; box-sizing: border-box; position: relative; min-height: 0px; min-width: 0px; flex-shrink: 0; flex-direction: column; align-items: center; cursor: pointer; justify-content: center; pointer-events: auto; border-top-style: solid; border-right-style: solid; border-bottom-style: solid; border-left-style: solid; border-top-color: rgba(125,125,125,1.00); border-right-color: rgba(125,125,125,1.00); border-bottom-color: rgba(125,125,125,1.00); border-left-color: rgba(125,125,125,1.00); opacity: 0; background-color: rgba(0, 0, 0, 0); border-top-left-radius: [object Object]; border-top-right-radius: [object Object]; border-bottom-right-radius: [object Object]; border-bottom-left-radius: [object Object]; border-top-width: 2px; border-right-width: 2px; border-bottom-width: 2px; border-left-width: 2px; height: 20px; width: 20px;"
                  tabindex="0"
                />
              </div>
            </div>
            <div
              class="c13 c14"
            >
              <div
                class="c13 c14 c15 c16"
              >
                <div
                  class="c17"
                >
                  <div
                    class="c9 css-15li2d9"
                  >
                    Expires January 26, 2024 at 1:52PM
                  </div>
                  <div
                    class="c0"
                  >
                    <div
                      class="c13 c18 c19"
                    >
                      <div
                        class="c5 css-n8z49y"
                      >
                        252.074
                         
                        DAI
                      </div>
                      <svg
                        fill="none"
                        height="12px"
                        stroke="#222222"
                        stroke-linecap="round"
                        stroke-linejoin="round"
                        stroke-width="2"
                        viewBox="0 0 24 24"
                        width="12px"
                        xmlns="http://www.w3.org/2000/svg"
                      >
                        <line
                          x1="5"
                          x2="19"
                          y1="12"
                          y2="12"
                        />
                        <polyline
                          points="12 5 19 12 12 19"
                        />
                      </svg>
                      <div
                        class="c5 css-n8z49y"
                      >
                        0.10684
                         
                        WETH
                      </div>
                    </div>
                    <div
                      class="c20 css-142zc9n"
                    >
                      when 0.00042 WETH/DAI
                    </div>
                  </div>
                </div>
              </div>
              <div
                class="css-view-175oi2r"
                style="display: flex; flex-basis: auto; box-sizing: border-box; position: relative; min-height: 0px; min-width: 0px; flex-shrink: 0; flex-direction: column; align-items: center; justify-content: center; border-bottom-style: solid; border-top-style: solid; border-left-style: solid; border-right-style: solid; border-top-color: rgba(0,0,0,0.00); border-right-color: rgba(0,0,0,0.00); border-bottom-color: rgba(0,0,0,0.00); border-left-color: rgba(0,0,0,0.00); border-top-left-radius: [object Object]; border-top-right-radius: [object Object]; border-bottom-right-radius: [object Object]; border-bottom-left-radius: [object Object]; border-top-width: 1px; border-right-width: 1px; border-bottom-width: 1px; border-left-width: 1px; height: 26px; width: 26px;"
              >
                <div
                  aria-checked="false"
                  class="css-view-175oi2r"
                  role="checkbox"
                  style="display: flex; flex-basis: auto; box-sizing: border-box; position: relative; min-height: 0px; min-width: 0px; flex-shrink: 0; flex-direction: column; align-items: center; cursor: pointer; justify-content: center; pointer-events: auto; border-top-style: solid; border-right-style: solid; border-bottom-style: solid; border-left-style: solid; border-top-color: rgba(125,125,125,1.00); border-right-color: rgba(125,125,125,1.00); border-bottom-color: rgba(125,125,125,1.00); border-left-color: rgba(125,125,125,1.00); opacity: 0; background-color: rgba(0, 0, 0, 0); border-top-left-radius: [object Object]; border-top-right-radius: [object Object]; border-bottom-right-radius: [object Object]; border-bottom-left-radius: [object Object]; border-top-width: 2px; border-right-width: 2px; border-bottom-width: 2px; border-left-width: 2px; height: 20px; width: 20px;"
                  tabindex="0"
                />
              </div>
            </div>
          </div>
        </div>
      </span>
    </span>
  </span>
</div>
`;

exports[`LimitsMenu should render when there is one open order 1`] = `
.c0 {
  display: -webkit-box;
  display: -webkit-flex;
  display: -ms-flexbox;
  display: flex;
  -webkit-flex-direction: column;
  -ms-flex-direction: column;
  flex-direction: column;
  -webkit-box-pack: start;
  -webkit-justify-content: flex-start;
  -ms-flex-pack: start;
  justify-content: flex-start;
}

.c6 {
  display: -webkit-box;
  display: -webkit-flex;
  display: -ms-flexbox;
  display: flex;
  -webkit-flex-direction: column;
  -ms-flex-direction: column;
  flex-direction: column;
  -webkit-box-pack: start;
  -webkit-justify-content: flex-start;
  -ms-flex-pack: start;
  justify-content: flex-start;
  gap: 8px;
}

.c17 {
  display: grid;
  grid-auto-rows: auto;
  -webkit-box-flex: 1;
  -webkit-flex-grow: 1;
  -ms-flex-positive: 1;
  flex-grow: 1;
}

.c13 {
  box-sizing: border-box;
  margin: 0;
  min-width: 0;
}

.c14 {
  width: 100%;
  display: -webkit-box;
  display: -webkit-flex;
  display: -ms-flexbox;
  display: flex;
  padding: 0;
  -webkit-align-items: center;
  -webkit-box-align: center;
  -ms-flex-align: center;
  align-items: center;
  -webkit-box-pack: start;
  -webkit-justify-content: flex-start;
  -ms-flex-pack: start;
  justify-content: flex-start;
}

.c18 {
  width: 100%;
  display: -webkit-box;
  display: -webkit-flex;
  display: -ms-flexbox;
  display: flex;
  padding: 0;
  -webkit-align-items: center;
  -webkit-box-align: center;
  -ms-flex-align: center;
  align-items: center;
  -webkit-box-pack: start;
  -webkit-justify-content: flex-start;
  -ms-flex-pack: start;
  justify-content: flex-start;
  gap: 4px;
}

.c5 {
  color: #222222;
  -webkit-letter-spacing: -0.01em;
  -moz-letter-spacing: -0.01em;
  -ms-letter-spacing: -0.01em;
  letter-spacing: -0.01em;
}

.c9 {
  color: #7D7D7D;
  -webkit-letter-spacing: -0.01em;
  -moz-letter-spacing: -0.01em;
  -ms-letter-spacing: -0.01em;
  letter-spacing: -0.01em;
}

.c20 {
  -webkit-letter-spacing: -0.01em;
  -moz-letter-spacing: -0.01em;
  -ms-letter-spacing: -0.01em;
  letter-spacing: -0.01em;
}

.c11 {
  -webkit-text-decoration: none;
  text-decoration: none;
  cursor: pointer;
  -webkit-transition-duration: 125ms;
  transition-duration: 125ms;
  color: #FC72FF;
  stroke: #FC72FF;
  font-weight: 500;
}

.c11:hover {
  opacity: 0.6;
}

.c11:active {
  opacity: 0.4;
}

.c7 {
  background-color: #F9F9F9;
  border-radius: 12px;
  padding: 12px;
  margin-top: 12px;
}

.c10 {
  line-height: 16px;
}

.c15 {
  gap: 12px;
  height: 68px;
  padding: 0 16px;
  -webkit-transition: 250ms ease background-color;
  transition: 250ms ease background-color;
  cursor: pointer;
}

.c15:hover {
  cursor: pointer;
}

.c16 {
  padding: 8px 0;
  height: unset;
  white-space: nowrap;
  overflow: hidden;
  text-overflow: ellipsis;
}

.c19 * {
  max-width: 40%;
  white-space: nowrap;
  overflow: hidden;
  text-overflow: ellipsis;
}

.c1 {
  width: 100%;
  overflow: auto;
  margin-top: 4px;
  padding: 14px 16px 16px;
  -webkit-scrollbar-width: thin;
  -moz-scrollbar-width: thin;
  -ms-scrollbar-width: thin;
  scrollbar-width: thin;
  -webkit-scrollbar-color: #22222212 transparent;
  -moz-scrollbar-color: #22222212 transparent;
  -ms-scrollbar-color: #22222212 transparent;
  scrollbar-color: #22222212 transparent;
  height: 100%;
}

.c1::-webkit-scrollbar {
  background: transparent;
  width: 4px;
  overflow-y: scroll;
}

.c1::-webkit-scrollbar-thumb {
  background: #22222212;
  border-radius: 8px;
}

.c1::-webkit-scrollbar-track {
  margin-top: 40px;
}

.c4 {
  position: absolute;
  left: 50%;
  top: 50%;
  -webkit-transform: translate(-50%,-50%);
  -ms-transform: translate(-50%,-50%);
  transform: translate(-50%,-50%);
}

.c3 {
  -webkit-text-decoration: none;
  text-decoration: none;
  cursor: pointer;
  -webkit-transition-duration: 125ms;
  transition-duration: 125ms;
}

.c3:hover {
  opacity: 0.6;
}

.c3:active {
  opacity: 0.4;
}

.c2 {
  color: #222222;
  display: -webkit-box;
  display: -webkit-flex;
  display: -ms-flexbox;
  display: flex;
  -webkit-box-pack: justify;
  -webkit-justify-content: space-between;
  -ms-flex-pack: justify;
  justify-content: space-between;
  position: relative;
  width: 100%;
  margin-bottom: 20px;
}

.c12 {
  height: 100%;
  position: relative;
}

.c8 {
  margin-bottom: 24px;
}

<div>
  <span
    class=""
    style="display: contents;"
  >
    <span
      class=" _dsp_contents"
    >
      <span
        class=" t_light _dsp_contents is_Theme"
      >
        <div
          class="c0 c1"
        >
          <div
            class="c2"
          >
            <svg
              class="c3"
              data-testid="wallet-back"
              fill="none"
              height="24"
              stroke="currentColor"
              stroke-linecap="round"
              stroke-linejoin="round"
              stroke-width="2"
              viewBox="0 0 24 24"
              width="24"
              xmlns="http://www.w3.org/2000/svg"
            >
              <line
                x1="19"
                x2="5"
                y1="12"
                y2="12"
              />
              <polyline
                points="12 19 5 12 12 5"
              />
            </svg>
            <span
              class="c4"
            >
              <div
                class="c5 css-n8z49y"
              >
                Open limits
              </div>
            </span>
          </div>
          <div
            class="c6 c7 c8"
          >
            <div
              class="c9 c10 css-1m65e73"
            >
              Please be aware that the execution for limits may vary based on real-time market fluctuations and Ethereum network congestion. Limits may not execute exactly when tokens reach the specified price.
            </div>
            <div
              class="c9 c10 css-1m65e73"
            >
              Canceling a limit has a network cost.
            </div>
            <div
              class="c9 c10 css-1m65e73"
            >
              <a
                class="c11"
                href="https://support.uniswap.org/hc/en-us/articles/24300813697933"
                rel="noopener noreferrer"
                target="_blank"
              >
                Learn more
              </a>
            </div>
          </div>
          <div
            class="c0 c12"
            data-testid="LimitsMenuContainer"
          >
            <div
              class="c13 c14"
            >
              <div
                class="c13 c14 c15 c16"
              >
                <div
                  class="c17"
                >
                  <div
                    class="c9 css-15li2d9"
                  >
                    Expires January 26, 2024 at 1:52PM
                  </div>
                  <div
                    class="c0"
                  >
                    <div
                      class="c13 c18 c19"
                    >
                      <div
                        class="c5 css-n8z49y"
                      >
                        252.074
                         
                        DAI
                      </div>
                      <svg
                        fill="none"
                        height="12px"
                        stroke="#222222"
                        stroke-linecap="round"
                        stroke-linejoin="round"
                        stroke-width="2"
                        viewBox="0 0 24 24"
                        width="12px"
                        xmlns="http://www.w3.org/2000/svg"
                      >
                        <line
                          x1="5"
                          x2="19"
                          y1="12"
                          y2="12"
                        />
                        <polyline
                          points="12 5 19 12 12 19"
                        />
                      </svg>
                      <div
                        class="c5 css-n8z49y"
                      >
                        0.10684
                         
                        WETH
                      </div>
                    </div>
                    <div
                      class="c20 css-142zc9n"
                    >
                      when 0.00042 WETH/DAI
                    </div>
                  </div>
                </div>
              </div>
              <div
                class="css-view-175oi2r"
                style="display: flex; flex-basis: auto; box-sizing: border-box; position: relative; min-height: 0px; min-width: 0px; flex-shrink: 0; flex-direction: column; align-items: center; justify-content: center; border-bottom-style: solid; border-top-style: solid; border-left-style: solid; border-right-style: solid; border-top-color: rgba(0,0,0,0.00); border-right-color: rgba(0,0,0,0.00); border-bottom-color: rgba(0,0,0,0.00); border-left-color: rgba(0,0,0,0.00); border-top-left-radius: [object Object]; border-top-right-radius: [object Object]; border-bottom-right-radius: [object Object]; border-bottom-left-radius: [object Object]; border-top-width: 1px; border-right-width: 1px; border-bottom-width: 1px; border-left-width: 1px; height: 26px; width: 26px;"
              >
                <div
                  aria-checked="false"
                  class="css-view-175oi2r"
                  role="checkbox"
                  style="display: flex; flex-basis: auto; box-sizing: border-box; position: relative; min-height: 0px; min-width: 0px; flex-shrink: 0; flex-direction: column; align-items: center; cursor: pointer; justify-content: center; pointer-events: auto; border-top-style: solid; border-right-style: solid; border-bottom-style: solid; border-left-style: solid; border-top-color: rgba(125,125,125,1.00); border-right-color: rgba(125,125,125,1.00); border-bottom-color: rgba(125,125,125,1.00); border-left-color: rgba(125,125,125,1.00); opacity: 0; background-color: rgba(0, 0, 0, 0); border-top-left-radius: [object Object]; border-top-right-radius: [object Object]; border-bottom-right-radius: [object Object]; border-bottom-left-radius: [object Object]; border-top-width: 2px; border-right-width: 2px; border-bottom-width: 2px; border-left-width: 2px; height: 20px; width: 20px;"
                  tabindex="0"
                />
              </div>
            </div>
          </div>
        </div>
      </span>
    </span>
  </span>
</div>
`;
