// Vitest Snapshot v1, https://vitest.dev/guide/snapshot.html

exports[`OpenLimitOrdersButton > should render if there are open limit orders 1`] = `
.c4 {
  display: flex;
  flex-direction: column;
  justify-content: flex-start;
}

.c1 {
  box-sizing: border-box;
  margin: 0;
  min-width: 0;
}

.c2 {
  width: 100%;
  display: flex;
  padding: 0;
  align-items: center;
  justify-content: space-between;
}

.c3 {
  width: 100%;
  display: flex;
  padding: 0;
  align-items: center;
  justify-content: flex-start;
  gap: 12px;
}

.c0 {
  border-radius: 16px;
  border: none;
  background: #F9F9F9;
  padding: 12px 16px;
  margin-top: 12px;
  text-decoration: none;
  cursor: pointer;
  transition-duration: 125ms;
}

.c0 :hover {
  opacity: 0.6;
}

.c0 :active {
  opacity: 0.4;
}

<div>
  <span
    class=""
    style="display: contents;"
  >
    <div
      class="_display-flex _alignItems-stretch _flexBasis-auto _boxSizing-border-box _position-relative _minHeight-0px _minWidth-0px _flexShrink-0 _flexDirection-column _mr-t-space-spa94665589 _ml-t-space-spa94665589 _mb-t-space-spa94665593"
    >
      <button
        class="c0"
      >
        <div
          align="center"
          class="c1 c2"
          justify="space-between"
        >
          <div
            class="c1 c3"
            gap="md"
          >
            <svg
              fill="rgba(19, 19, 19, 0.63)"
              height="20px"
              stroke="#F9F9F9"
              stroke-linecap="round"
              stroke-linejoin="round"
              stroke-width="2"
              viewBox="0 0 24 24"
              width="20px"
              xmlns="http://www.w3.org/2000/svg"
            >
              <circle
                cx="12"
                cy="12"
                r="10"
              />
              <polyline
                points="12 6 12 12 16 14"
              />
            </svg>
            <div
              class="c4"
            >
              <span
                class="font_button _display-inline _boxSizing-border-box _whiteSpace-pre-wrap _mt-0px _mr-0px _mb-0px _ml-0px _color-neutral2 _fontFamily-f-family _wordWrap-break-word _fontSize-f-size-smal108 _lineHeight-20px _fontWeight-f-weight-me3083741"
                data-disable-theme="true"
              >
                1 open limit
              </span>
            </div>
          </div>
          <svg
            fill="none"
            height="20px"
            stroke="rgba(19, 19, 19, 0.63)"
            stroke-linecap="round"
            stroke-linejoin="round"
            stroke-width="2"
            viewBox="0 0 24 24"
            width="20px"
            xmlns="http://www.w3.org/2000/svg"
          >
            <line
              x1="5"
              x2="19"
              y1="12"
              y2="12"
            />
            <polyline
              points="12 5 19 12 12 19"
            />
          </svg>
        </div>
      </button>
    </div>
    <div
      style="display: contents;"
    />
  </span>
</div>
`;
